// Vitest Snapshot v1, https://vitest.dev/guide/snapshot.html

exports[`pluginCoolPlugin > should create valid plugin-cool plugin configuration 1`] = `
{
  "audits": [
    {
      "description": "plugin-cool audit ",
      "slug": "plugin-cool-audit",
      "title": "plugin-cool Audit",
    },
  ],
  "description": "plugin-cool plugin for Code PushUp",
  "icon": "folder",
  "runner": [Function],
  "slug": "plugin-cool",
  "title": "plugin-cool",
}
`;
