// Vitest Snapshot v1, https://vitest.dev/guide/snapshot.html

exports[`fileSizePlugin > should create valid file-size plugin configuration 1`] = `
{
  "audits": [
    {
      "description": "file-size audit ",
      "slug": "file-size-audit",
      "title": "file-size Audit",
    },
  ],
  "description": "file-size plugin for Code PushUp",
  "icon": "folder",
  "runner": [Function],
  "slug": "file-size",
  "title": "file-size",
}
`;
